Двоичный файл /etc/pki/ca-trust/extracted/java/cacerts совпадает
tjh@cryptsoft.com
sochotnicky@redhat.com
mizdebsk@redhat.com
david@jpackage.org
Nicolas.Mailhot@laPoste.net
cweyl@alumni.drew.edu
mmaslano@redhat.com
sbrabec@suse.cz
toshio@fedoraproject.org
pb@bieringer.de
pb@bieringer.de
pb@bieringer.de
pekkas@netcore.fi
pb@bieringer.de
pekkas@netcore.fi
umac-64@openssh.com
shaunm@gnome.org
pdewacht@gmail.com
richard@hughsie.com
A.Ballardie@cs.ucl.ac.uk
staff@americas.example.com
mharris@redhat.com
j@w1.fi
jiri@resnulli.us
jiri@resnulli.us
jiri@resnulli.us
jiri@resnulli.us
pb@bieringer.de
pekkas@netcore.fi
pb@bieringer.de
pekkas@netcore.fi
razvan.vilt@linux360.ro
aaron.hope@unh.edu
sean@enertronllc.com
dharris@drh.net
notting@redhat.com
pb@bieringer.de
pekkas@netcore.fi
pb@bieringer.de
pekkas@netcore.fi
razvan.vilt@linux360.ro
aaron.hope@unh.edu
sean@enertronllc.com
pb@bieringer.de
pekkas@netcore.fi
pb@bieringer.de
password@server.name
foo@example.com
dhowells@redhat.com
adilger@turbolinux.com
jtang@tresys.com
dnssec@icann.org
username@site.domain
mtr@iki.fi
user@my.server.com
balbir@linux.vnet.ibm.com
admin@example.com
admin@example.com
smartmontools-support@lists.sourceforge.net
his@localdomain.local
her@localdomain.local
his@localdomain.local
her@localdomain.local
user@that.users
user@domain.tld
user@domain.tld
user@other.host
local@other.host
user@example.com
user@example.com
user@anything.example.com
localname@virtual-alias.domain
postmaster@virtual-alias.domain
user1@virtual-alias.domain
user2@virtual-alias.domain
known-user@virtual-alias.domain
unknown-user@virtual-alias.domain
dave@mielke.cc
dave@mielke.cc
samuel.thibault@ens-lyon.org
dave@mielke.cc
dave@mielke.cc
samuel.thibault@ens-lyon.org
dave@mielke.cc
dave@mielke.cc
director@chpi.org
Leon.Ungier@ViewPlus.com
mramadan@nattiq.com
samuel.thibault@ens-lyon.org
dave@mielke.cc
dave@mielke.cc
dave@mielke.cc
dave@mielke.cc
dave@mielke.cc
dave@mielke.cc
dave@mielke.cc
dave@mielke.cc
director@chpi.org
Leon.Ungier@ViewPlus.com
mramadan@nattiq.com
samuel.thibault@ens-lyon.org
dave@mielke.cc
samuel.thibault@ens-lyon.org
dave@mielke.cc
dave@mielke.cc
dave@mielke.cc
dave@mielke.cc
dave@mielke.cc
dave@mielke.cc
dave@mielke.cc
dave@mielke.cc
dave@mielke.cc
dave@mielke.cc
dave@mielke.cc
dave@mielke.cc
dave@mielke.cc
dave@mielke.cc
dave@mielke.cc
dave@mielke.cc
dave@mielke.cc
dave@mielke.cc
dave@mielke.cc
dave@mielke.cc
dave@mielke.cc
dave@mielke.cc
dave@mielke.cc
dave@mielke.cc
dave@mielke.cc
dave@mielke.cc
dave@mielke.cc
dave@mielke.cc
dave@mielke.cc
dave@mielke.cc
dave@mielke.cc
dave@mielke.cc
dave@mielke.cc
dave@mielke.cc
dave@mielke.cc
dave@mielke.cc
dave@mielke.cc
dave@mielke.cc
dave@mielke.cc
dave@mielke.cc
dave@mielke.cc
dave@mielke.cc
dave@mielke.cc
dave@mielke.cc
dave@mielke.cc
dave@mielke.cc
dave@mielke.cc
dave@mielke.cc
dave@mielke.cc
dave@mielke.cc
dave@mielke.cc
dave@mielke.cc
dave@mielke.cc
dave@mielke.cc
dave@mielke.cc
dave@mielke.cc
dave@mielke.cc
dave@mielke.cc
dave@mielke.cc
dave@mielke.cc
dave@mielke.cc
dave@mielke.cc
dave@mielke.cc
dave@mielke.cc
dave@mielke.cc
dave@mielke.cc
dave@mielke.cc
dave@mielke.cc
dave@mielke.cc
dave@mielke.cc
dave@mielke.cc
dave@mielke.cc
dave@mielke.cc
dave@mielke.cc
dave@mielke.cc
dave@mielke.cc
dave@mielke.cc
dave@mielke.cc
dave@mielke.cc
dave@mielke.cc
dave@mielke.cc
dave@mielke.cc
yan@mistigri.org
dave@mielke.cc
dave@mielke.cc
dave@mielke.cc
dave@mielke.cc
dave@mielke.cc
dave@mielke.cc
dave@mielke.cc
dave@mielke.cc
dave@mielke.cc
dave@mielke.cc
dave@mielke.cc
dave@mielke.cc
dave@mielke.cc
dave@mielke.cc
dave@mielke.cc
dave@mielke.cc
dave@mielke.cc
dave@mielke.cc
dave@mielke.cc
dave@mielke.cc
dave@mielke.cc
dave@mielke.cc
dave@mielke.cc
dave@mielke.cc
dave@mielke.cc
dave@mielke.cc
dave@mielke.cc
dave@mielke.cc
dave@mielke.cc
samuel.thibault@ens-lyon.org
esperanto-muzeo@wanadoo.fr
dave@mielke.cc
dave@mielke.cc
samuel.thibault@ens-lyon.org
dave@mielke.cc
dave@mielke.cc
dave@mielke.cc
dave@mielke.cc
samuel.thibault@ens-lyon.org
dave@mielke.cc
dave@mielke.cc
dave@mielke.cc
dave@mielke.cc
dave@mielke.cc
dave@mielke.cc
nico@fluxnic.net
dave@mielke.cc
dave@mielke.cc
dave@mielke.cc
dave@mielke.cc
nico@fluxnic.net
dave@mielke.cc
dave@mielke.cc
dave@mielke.cc
dave@mielke.cc
dave@mielke.cc
dave@mielke.cc
dave@mielke.cc
dave@mielke.cc
dave@mielke.cc
dave@mielke.cc
samuel.thibault@ens-lyon.org
dave@mielke.cc
dave@mielke.cc
samuel.thibault@ens-lyon.org
dave@mielke.cc
dave@mielke.cc
samuel.thibault@ens-lyon.org
dave@mielke.cc
dave@mielke.cc
dave@mielke.cc
dave@mielke.cc
dave@mielke.cc
Leon.Ungier@ViewPlus.com
samuel.thibault@ens-lyon.org
dave@mielke.cc
director@chpi.org
Leon.Ungier@ViewPlus.com
mramadan@nattiq.com
samuel.thibault@ens-lyon.org
dave@mielke.cc
director@chpi.org
Leon.Ungier@ViewPlus.com
mramadan@nattiq.com
samuel.thibault@ens-lyon.org
dave@mielke.cc
samuel.thibault@ens-lyon.org
dave@mielke.cc
dave@mielke.cc
samuel.thibault@ens-lyon.org
dave@mielke.cc
dave@mielke.cc
dave@mielke.cc
sable@users.sourceforge.net
samuel.thibault@ens-lyon.org
dave@mielke.cc
samuel.thibault@ens-lyon.org
torma.zsolt@infoalap.hu
dave@mielke.cc
dave@mielke.cc
dave@mielke.cc
samuel.thibault@ens-lyon.org
dave@mielke.cc
dave@mielke.cc
samuel.thibault@ens-lyon.org
dave@mielke.cc
dave@mielke.cc
dave@mielke.cc
dave@mielke.cc
dave@mielke.cc
director@chpi.org
Leon.Ungier@ViewPlus.com
mramadan@nattiq.com
samuel.thibault@ens-lyon.org
dave@mielke.cc
samuel.thibault@ens-lyon.org
dave@mielke.cc
dave@mielke.cc
samuel.thibault@ens-lyon.org
dave@mielke.cc
dave@mielke.cc
samuel.thibault@ens-lyon.org
dave@mielke.cc
dave@mielke.cc
samuel.thibault@ens-lyon.org
dave@mielke.cc
mlang@delysid.org
dave@mielke.cc
samuel.thibault@ens-lyon.org
birkir@midstod.is
dave@mielke.cc
dave@mielke.cc
dave@mielke.cc
mlang@delysid.org
dave@mielke.cc
billh@gnome.org
samuel.thibault@ens-lyon.org
dave@mielke.cc
mlang@delysid.org
dave@mielke.cc
dave@mielke.cc
dave@mielke.cc
director@chpi.org
Leon.Ungier@ViewPlus.com
mramadan@nattiq.com
samuel.thibault@ens-lyon.org
dave@mielke.cc
director@chpi.org
Leon.Ungier@ViewPlus.com
mramadan@nattiq.com
samuel.thibault@ens-lyon.org
dave@mielke.cc
dave@mielke.cc
dave@mielke.cc
dave@mielke.cc
Leon.Ungier@ViewPlus.com
samuel.thibault@ens-lyon.org
dave@mielke.cc
dave@mielke.cc
dave@mielke.cc
dave@mielke.cc
dave@mielke.cc
dave@mielke.cc
dave@mielke.cc
dave@mielke.cc
mick@kulgan.net
dave@mielke.cc
dave@mielke.cc
director@chpi.org
dave@mielke.cc
dave@mielke.cc
dave@mielke.cc
dave@mielke.cc
dave@mielke.cc
Sebastien.Hinderer@ens-lyon.org
dave@mielke.cc
director@chpi.org
Leon.Ungier@ViewPlus.com
mramadan@nattiq.com
samuel.thibault@ens-lyon.org
dave@mielke.cc
samuel.thibault@ens-lyon.org
dave@mielke.cc
samuel.thibault@ens-lyon.org
dave@mielke.cc
samuel.thibault@ens-lyon.org
dave@mielke.cc
dave@mielke.cc
dave@mielke.cc
dave@mielke.cc
samuel.thibault@ens-lyon.org
dave@mielke.cc
samuel.thibault@ens-lyon.org
dave@mielke.cc
dave@mielke.cc
dave@mielke.cc
dave@mielke.cc
dave@mielke.cc
dave@mielke.cc
samuel.thibault@ens-lyon.org
dave@mielke.cc
dave@mielke.cc
Leon.Ungier@ViewPlus.com
eric@integra-belgium.com
samuel.thibault@ens-lyon.org
dave@mielke.cc
Leon.Ungier@ViewPlus.com
samuel.thibault@ens-lyon.org
dave@mielke.cc
dave@mielke.cc
dave@mielke.cc
dave@mielke.cc
dave@mielke.cc
dave@mielke.cc
dave@mielke.cc
dave@mielke.cc
dave@mielke.cc
samuel.thibault@ens-lyon.org
dave@mielke.cc
dave@mielke.cc
director@chpi.org
Leon.Ungier@ViewPlus.com
mramadan@nattiq.com
samuel.thibault@ens-lyon.org
dave@mielke.cc
dave@mielke.cc
dave@mielke.cc
dave@mielke.cc
samuel.thibault@ens-lyon.org
dave@mielke.cc
dave@mielke.cc
dave@mielke.cc
dave@mielke.cc
Sebastien.Hinderer@ens-lyon.org
dave@mielke.cc
samuel.thibault@ens-lyon.org
dave@mielke.cc
chlor@schou.dk
dave@mielke.cc
dave@mielke.cc
dave@mielke.cc
dave@mielke.cc
dave@mielke.cc
samuel.thibault@ens-lyon.org
dave@mielke.cc
mike.sivill@viewplus.com
samuel.thibault@ens-lyon.org
dave@mielke.cc
buchal@brailcom.org
dave@mielke.cc
dave@mielke.cc
dave@mielke.cc
dave@mielke.cc
dave@mielke.cc
samuel.thibault@ens-lyon.org
dave@mielke.cc
samuel.thibault@ens-lyon.org
dave@mielke.cc
dave@mielke.cc
director@chpi.org
Leon.Ungier@ViewPlus.com
mramadan@nattiq.com
samuel.thibault@ens-lyon.org
dave@mielke.cc
dave@mielke.cc
director@chpi.org
Leon.Ungier@ViewPlus.com
mramadan@nattiq.com
samuel.thibault@ens-lyon.org
dave@mielke.cc
samuel.thibault@ens-lyon.org
dave@mielke.cc
samuel.thibault@ens-lyon.org
dave@mielke.cc
dave@mielke.cc
dave@mielke.cc
dave@mielke.cc
dave@mielke.cc
samuel.thibault@ens-lyon.org
dave@mielke.cc
speechd@freebsoft.org
mike@piratehaven.org
jon@jon.demon.co.uk
